// Jest Snapshot v1, https://goo.gl/fbAQLP

exports[`Testing Calculator component Testing with snapshot 1`] = `
<div>
  <p
    className="strong"
  >
    <strong>
      Lets do some math!
    </strong>
  </p>
  <div
    className="container"
  >
    <table
      className="calculator"
    >
      <tr>
        <td
          colSpan="4"
        >
          <div
            className="answer"
          >
             
            0
             
          </div>
           
        </td>
      </tr>
      <tr>
        <td>
          <input
            name="AC "
            onClick={[Function]}
            type="button"
            value="AC"
          />
        </td>
        <td>
           
          <input
            onClick={[Function]}
            type="button"
            value="+/-"
          />
           
        </td>
        <td>
           
          <input
            onClick={[Function]}
            type="button"
            value="%"
          />
           
        </td>
        <td>
           
          <input
            id="orange"
            onClick={[Function]}
            type="button"
            value="รท"
          />
           
        </td>
      </tr>
      <tr>
        <td>
           
          <input
            onClick={[Function]}
            type="button"
            value="7"
          />
           
        </td>
        <td>
           
          <input
            onClick={[Function]}
            type="button"
            value="8"
          />
           
        </td>
        <td>
           
          <input
            onClick={[Function]}
            type="button"
            value="9"
          />
           
        </td>
        <td>
           
          <input
            id="orange"
            onClick={[Function]}
            type="button"
            value="x"
          />
           
        </td>
      </tr>
      <tr>
        <td>
           
          <input
            onClick={[Function]}
            type="button"
            value="4"
          />
           
        </td>
        <td>
           
          <input
            onClick={[Function]}
            type="button"
            value="5"
          />
           
        </td>
        <td>
           
          <input
            onClick={[Function]}
            type="button"
            value="6"
          />
           
        </td>
        <td>
           
          <input
            id="orange"
            onClick={[Function]}
            type="button"
            value="-"
          />
           
        </td>
      </tr>
      <tr>
        <td>
           
          <input
            onClick={[Function]}
            type="button"
            value="1"
          />
           
        </td>
        <td>
           
          <input
            onClick={[Function]}
            type="button"
            value="2"
          />
           
        </td>
        <td>
           
          <input
            onClick={[Function]}
            type="button"
            value="3"
          />
           
        </td>
        <td>
           
          <input
            id="orange"
            onClick={[Function]}
            type="button"
            value="+"
          />
           
        </td>
      </tr>
      <tr>
        <td
          colSpan="2"
        >
           
          <input
            onClick={[Function]}
            type="button"
            value="0"
          />
           
        </td>
        <td>
           
          <input
            onClick={[Function]}
            type="button"
            value="."
          />
           
        </td>
        <td>
           
          <input
            id="orange"
            onClick={[Function]}
            type="button"
            value="="
          />
           
        </td>
      </tr>
    </table>
  </div>
</div>
`;
